
> server@1.0.0 dev
> nodemon --watch src --ext ts,json --exec ts-node -r tsconfig-paths/register --project tsconfig.json src/index.ts

[33m[nodemon] 3.1.11[39m
[33m[nodemon] to restart at any time, enter `rs`[39m
[33m[nodemon] watching path(s): src/**/*[39m
[33m[nodemon] watching extensions: ts,json[39m
[32m[nodemon] starting `ts-node -r tsconfig-paths/register --project tsconfig.json src/index.ts`[39m
(node:313004) [MONGOOSE] Warning: Duplicate schema index on {"email":1} found. This is often due to declaring an index using both "index: true" and "schema.index()". Please remove the duplicate index definition.
(Use `node --trace-warnings ...` to show where the warning was created)
(node:313004) [MONGOOSE] Warning: Duplicate schema index on {"slug":1} found. This is often due to declaring an index using both "index: true" and "schema.index()". Please remove the duplicate index definition.
(node:313004) [MONGOOSE] Warning: Duplicate schema index on {"owner.email":1} found. This is often due to declaring an index using both "index: true" and "schema.index()". Please remove the duplicate index definition.
(node:313004) [MONGOOSE] Warning: Duplicate schema index on {"restaurantId":1} found. This is often due to declaring an index using both "index: true" and "schema.index()". Please remove the duplicate index definition.
(node:313004) [MONGOOSE] Warning: Duplicate schema index on {"qrCode":1} found. This is often due to declaring an index using both "index: true" and "schema.index()". Please remove the duplicate index definition.
(node:313004) [MONGOOSE] Warning: Duplicate schema index on {"orderNumber":1} found. This is often due to declaring an index using both "index: true" and "schema.index()". Please remove the duplicate index definition.
(node:313004) [MONGOOSE] Warning: Duplicate schema index on {"sessionId":1} found. This is often due to declaring an index using both "index: true" and "schema.index()". Please remove the duplicate index definition.
✅ MongoDB connected successfully
🌱 Seeding system roles...
ℹ️  Role already exists: super_admin
ℹ️  Role already exists: owner
ℹ️  Role already exists: branch_manager
ℹ️  Role already exists: manager
ℹ️  Role already exists: waiter
ℹ️  Role already exists: kitchen_staff
ℹ️  Role already exists: cashier
✅ System roles seeded successfully
🔌 Socket.IO server initialized
🚀 Server running on port 8080
🔌 WebSocket server ready
[0mPOST /api/v1/staff/login [33m401[0m 248.322 ms - 49[0m
[0mPOST /api/v1/staff/login [32m200[0m 630.403 ms - 3221[0m
